// Jest Snapshot v1, https://goo.gl/fbAQLP

exports[`App component Matches the snapshot 1`] = `
<div
  style={
    Object {
      "margin": "0 auto",
      "padding": 20,
      "width": 1000,
    }
  }
>
  <a
    href="/"
    onClick={[Function]}
  >
    Welcome
  </a>
   | 
  <a
    href="/menus"
    onClick={[Function]}
  >
    Full Menu
  </a>
   |
  <a
    href="/my-order"
    onClick={[Function]}
  >
    My Order
  </a>
   |
   
  <a
    href="/location"
    onClick={[Function]}
  >
    Location/Contact
  </a>
  <hr />
  <div>
    <h1>
      Capital City Cafe
    </h1>
    <h2>
      Welcome to your next favorite restaurant!
    </h2>
    <h3>
      We offer many classic and unique dishes that are sure to please.
    </h3>
    <p>
      We are open daily from 7:00 - 3:00, for Breakfast and Lunch, and 5:00 - 9:00 for Dinner.
    </p>
    <p>
      Breakfast is served from 7:00 - 11:00
    </p>
    <p>
      Lunch is served from 11:00 - 3:00
    </p>
    <p>
      Dinner is served from 5:00 - 9:00
    </p>
    <hr />
    <h4>
      To start an order, click the "menu" link below.
    </h4>
    <h4>
      If you have created an account and would like to repeat a previous order, click the "My Orders" link to log-in to your account.
    </h4>
    <div
      className="container"
    >
      <div
        className="row"
      >
        <div
          className="col"
        >
          <div
            className="img-thumbnail hover-overlay"
            style={
              Object {
                "maxWidth": "20rem",
                "position": "relative",
              }
            }
          >
            <a
              href="/menu/Breakfast"
              onClick={[Function]}
            >
              <img
                alt="Breakfast Plate"
                className="img-fluid"
                src="Breakfast.jpeg"
              />
              <div
                className="mask overlay"
                style={
                  Object {
                    "backgroundColor": "rgba(57, 192, 237, 0.2)",
                  }
                }
              >
                Breakfast Menu
              </div>
            </a>
          </div>
        </div>
      </div>
      <div
        className="row"
      >
        <div
          className="col"
        >
          <div
            className="img-thumbnail hover-overlay"
            style={
              Object {
                "maxWidth": "20rem",
                "position": "relative",
              }
            }
          >
            <a
              href="/menu/Lunch"
              onClick={[Function]}
            >
              <img
                alt="Lunch Plate"
                className="img-fluid"
                src="Lunch.jpeg"
              />
              <div
                className="mask overlay"
                style={
                  Object {
                    "backgroundColor": "rgba(57, 192, 237, 0.2)",
                  }
                }
              >
                Lunch Menu
              </div>
            </a>
          </div>
        </div>
      </div>
      <div
        className="row"
      >
        <div
          className="col"
        >
          <div
            className="img-thumbnail hover-overlay"
            style={
              Object {
                "maxWidth": "20rem",
                "position": "relative",
              }
            }
          >
            <a
              href="/menu/Dinner"
              onClick={[Function]}
            >
              <img
                alt="Dinner Plate"
                className="img-fluid"
                src="Dinner.jpeg"
              />
              <div
                className="mask overlay"
                style={
                  Object {
                    "backgroundColor": "rgba(57, 192, 237, 0.2)",
                  }
                }
              >
                Dinner Menu
              </div>
            </a>
          </div>
        </div>
      </div>
    </div>
  </div>
</div>
`;
