// Jest Snapshot v1, https://goo.gl/fbAQLP

exports[`Menu component Matches the snapshot 1`] = `null`;
